ProgramFiles(x86)=C:\Program Files (x86)
CommonProgramFiles(Arm)=C:\Program Files (Arm)\Common Files
!::=::\
CommonProgramFiles(x86)=C:\Program Files (x86)\Common Files
asl.log=Destination=file
ProgramFiles(Arm)=C:\Program Files (Arm)
SHELL=/usr/bin/bash
NUMBER_OF_PROCESSORS=8
FPS_BROWSER_USER_PROFILE_STRING=Default
PROCESSOR_LEVEL=3403
TERM_PROGRAM_VERSION=3.8.2
MINGW_PREFIX=/clangarm64
PKG_CONFIG_PATH=/clangarm64/lib/pkgconfig:/clangarm64/share/pkgconfig
USERDOMAIN_ROAMINGPROFILE=STARLIGHT
HOSTNAME=starlight
PROGRAMFILES=C:\Program Files
MSYSTEM=CLANGARM64
PATHEXT=.COM;.EXE;.BAT;.CMD;.VBS;.VBE;.JS;.JSE;.WSF;.WSH;.MSC
ORIGINAL_TEMP=/tmp
MINGW_CHOST=aarch64-w64-mingw32
OS=Windows_NT
HOMEDRIVE=C:
MSYSTEM_CARCH=aarch64
BASE_TICKET_PRICE=150
USERDOMAIN=STARLIGHT
PWD=/c/Users/HULDA/xo-ops-engine/trilogy-vault-audit/monitor
USERPROFILE=C:\Users\HULDA
OneDriveConsumer=C:\Users\HULDA\OneDrive
MANPATH=/clangarm64/local/man:/clangarm64/share/man:/usr/local/man:/usr/share/man:/usr/man:/share/man
MINGW_PACKAGE_PREFIX=mingw-w64-clang-aarch64
ALLUSERSPROFILE=C:\ProgramData
ORIGINAL_PATH=/clangarm64/bin:/usr/bin:/c/Users/HULDA/bin:/c/WINDOWS/system32:/c/WINDOWS:/c/WINDOWS/System32/Wbem:/c/WINDOWS/System32/WindowsPowerShell/v1.0:/c/WINDOWS/System32/OpenSSH:/c/Program Files/nodejs:/cmd:/c/Users/HULDA/AppData/Local/Programs/Python/Python314/Scripts:/c/Users/HULDA/AppData/Local/Programs/Python/Python314:/c/Users/HULDA/AppData/Local/Programs/Python/Launcher:/c/Users/HULDA/AppData/Local/Microsoft/WindowsApps:/c/Users/HULDA/AppData/Roaming/npm:/c/ProgramData/HULDA/GitHubDesktop/bin:/c/Users/HULDA/AppData/Local/GitHubDesktop/bin:/c/Users/HULDA/AppData/Local/Programs/Microsoft VS Code/bin
CommonProgramW6432=C:\Program Files\Common Files
HOME=/c/Users/HULDA
USERNAME=HULDA
SSH_ASKPASS=/clangarm64/bin/git-askpass.exe
PLINK_PROTOCOL=ssh
OneDrive=C:\Users\HULDA\OneDrive
COMSPEC=C:\WINDOWS\system32\cmd.exe
TMPDIR=/tmp
APPDATA=C:\Users\HULDA\AppData\Roaming
TOUR_NAME=After Hours til Dawn
SYSTEMROOT=C:\WINDOWS
LOCALAPPDATA=C:\Users\HULDA\AppData\Local
COMPUTERNAME=STARLIGHT
INFOPATH=/clangarm64/local/info:/clangarm64/share/info:/usr/local/info:/usr/share/info:/usr/info:/share/info
TERM=xterm
LOGONSERVER=\\STARLIGHT
ACLOCAL_PATH=/clangarm64/share/aclocal:/usr/share/aclocal
PSModulePath=C:\Program Files\WindowsPowerShell\Modules;C:\WINDOWS\system32\WindowsPowerShell\v1.0\Modules
TEMP=/tmp
MSYSTEM_CHOST=aarch64-w64-mingw32
DISPLAY=needs-to-be-defined
SHLVL=2
ORIGINAL_TMP=/tmp
PROCESSOR_REVISION=0000
DriverData=C:\Windows\System32\Drivers\DriverData
COMMONPROGRAMFILES=C:\Program Files\Common Files
TRILOGY_02=What You Need
TRILOGY_01=High For This
LC_CTYPE=en_GB.UTF-8
EXEPATH=C:\Program Files\Git
EFC_10668_2946480783=1
PROCESSOR_IDENTIFIER=ARMv8 (64-bit) Family 8 Model D4B Revision   0, Qualcomm Technologies Inc
SESSIONNAME=Console
PKG_CONFIG_SYSTEM_LIBRARY_PATH=/clangarm64/lib
EFC_10668_4126798990=1
HOMEPATH=\Users\HULDA
TMP=/tmp
CONFIG_SITE=/etc/config.site
PATH=/c/Users/HULDA/bin:/clangarm64/bin:/usr/local/bin:/usr/bin:/bin:/clangarm64/bin:/usr/bin:/c/Users/HULDA/bin:/c/WINDOWS/system32:/c/WINDOWS:/c/WINDOWS/System32/Wbem:/c/WINDOWS/System32/WindowsPowerShell/v1.0:/c/WINDOWS/System32/OpenSSH:/c/Program Files/nodejs:/cmd:/c/Users/HULDA/AppData/Local/Programs/Python/Python314/Scripts:/c/Users/HULDA/AppData/Local/Programs/Python/Python314:/c/Users/HULDA/AppData/Local/Programs/Python/Launcher:/c/Users/HULDA/AppData/Local/Microsoft/WindowsApps:/c/Users/HULDA/AppData/Roaming/npm:/c/ProgramData/HULDA/GitHubDesktop/bin:/c/Users/HULDA/AppData/Local/GitHubDesktop/bin:/c/Users/HULDA/AppData/Local/Programs/Microsoft VS Code/bin:/usr/bin/vendor_perl:/usr/bin/core_perl
ProgramW6432=C:\Program Files
MSYSTEM_PREFIX=/clangarm64
EFC_10668_1592913036=1
WINDIR=C:\WINDOWS
FPS_BROWSER_APP_PROFILE_STRING=Internet Explorer
PROCESSOR_ARCHITECTURE=AMD64
CURRENCY=USD
PUBLIC=C:\Users\Public
PKG_CONFIG_SYSTEM_INCLUDE_PATH=/clangarm64/include
SYSTEMDRIVE=C:
OLDPWD=/c/Users/HULDA/xo-ops-engine/trilogy-vault-audit
TERM_PROGRAM=mintty
ProgramData=C:\ProgramData
SYSTEM_KEY_VAR=XYZ-99823-ADMIN
_=/usr/bin/printenv
